[93mWARNING [0m:   DEPRECATED FEATURE: flwr.server.start_server() is deprecated.
	Instead, use the `flower-superlink` CLI command to start a SuperLink as shown below:

		$ flower-superlink --insecure

	To view usage and all available options, run:

		$ flower-superlink --help

	Using `start_server()` is deprecated.

            This is a deprecated feature. It will be removed
            entirely in future versions of Flower.
        
[92mINFO [0m:      Starting Flower server, config: num_rounds=10, no round_timeout
[92mINFO [0m:      Flower ECE: gRPC server running (10 rounds), SSL is disabled
[92mINFO [0m:      [INIT]
[92mINFO [0m:      Using initial global parameters provided by strategy
[92mINFO [0m:      Starting evaluation of initial global parameters
[92mINFO [0m:      Evaluation returned no results (`None`)
[92mINFO [0m:      
[92mINFO [0m:      [ROUND 1]
[92mINFO [0m:      configure_fit: strategy sampled 2 clients (out of 2)
[92mINFO [0m:      aggregate_fit: received 2 results and 0 failures
[93mWARNING [0m:   No fit_metrics_aggregation_fn provided
[92mINFO [0m:      configure_evaluate: strategy sampled 2 clients (out of 2)
[92mINFO [0m:      aggregate_evaluate: received 2 results and 0 failures
[93mWARNING [0m:   No evaluate_metrics_aggregation_fn provided
[92mINFO [0m:      
[92mINFO [0m:      [ROUND 2]
[92mINFO [0m:      configure_fit: strategy sampled 2 clients (out of 2)
[92mINFO [0m:      aggregate_fit: received 2 results and 0 failures
[92mINFO [0m:      configure_evaluate: strategy sampled 2 clients (out of 2)
[92mINFO [0m:      aggregate_evaluate: received 2 results and 0 failures
[92mINFO [0m:      
[92mINFO [0m:      [ROUND 3]
[92mINFO [0m:      configure_fit: strategy sampled 2 clients (out of 2)
[92mINFO [0m:      aggregate_fit: received 2 results and 0 failures
[92mINFO [0m:      configure_evaluate: strategy sampled 2 clients (out of 2)
[92mINFO [0m:      aggregate_evaluate: received 2 results and 0 failures
[92mINFO [0m:      
[92mINFO [0m:      [ROUND 4]
[92mINFO [0m:      configure_fit: strategy sampled 2 clients (out of 2)
[92mINFO [0m:      aggregate_fit: received 2 results and 0 failures
[92mINFO [0m:      configure_evaluate: strategy sampled 2 clients (out of 2)
[92mINFO [0m:      aggregate_evaluate: received 2 results and 0 failures
[92mINFO [0m:      
[92mINFO [0m:      [ROUND 5]
[92mINFO [0m:      configure_fit: strategy sampled 2 clients (out of 2)
[92mINFO [0m:      aggregate_fit: received 2 results and 0 failures
[92mINFO [0m:      configure_evaluate: strategy sampled 2 clients (out of 2)
[92mINFO [0m:      aggregate_evaluate: received 2 results and 0 failures
[92mINFO [0m:      
[92mINFO [0m:      [ROUND 6]
[92mINFO [0m:      configure_fit: strategy sampled 2 clients (out of 2)
[92mINFO [0m:      aggregate_fit: received 2 results and 0 failures
[92mINFO [0m:      configure_evaluate: strategy sampled 2 clients (out of 2)
[92mINFO [0m:      aggregate_evaluate: received 2 results and 0 failures
[92mINFO [0m:      
[92mINFO [0m:      [ROUND 7]
[92mINFO [0m:      configure_fit: strategy sampled 2 clients (out of 2)
[92mINFO [0m:      aggregate_fit: received 2 results and 0 failures
[92mINFO [0m:      configure_evaluate: strategy sampled 2 clients (out of 2)
[92mINFO [0m:      aggregate_evaluate: received 2 results and 0 failures
[92mINFO [0m:      
[92mINFO [0m:      [ROUND 8]
[92mINFO [0m:      configure_fit: strategy sampled 2 clients (out of 2)
[92mINFO [0m:      aggregate_fit: received 2 results and 0 failures
[92mINFO [0m:      configure_evaluate: strategy sampled 2 clients (out of 2)
[92mINFO [0m:      aggregate_evaluate: received 2 results and 0 failures
[92mINFO [0m:      
[92mINFO [0m:      [ROUND 9]
[92mINFO [0m:      configure_fit: strategy sampled 2 clients (out of 2)
[92mINFO [0m:      aggregate_fit: received 2 results and 0 failures
[92mINFO [0m:      configure_evaluate: strategy sampled 2 clients (out of 2)
[92mINFO [0m:      aggregate_evaluate: received 2 results and 0 failures
[92mINFO [0m:      
[92mINFO [0m:      [ROUND 10]
[92mINFO [0m:      configure_fit: strategy sampled 2 clients (out of 2)
[92mINFO [0m:      aggregate_fit: received 2 results and 0 failures
[92mINFO [0m:      configure_evaluate: strategy sampled 2 clients (out of 2)
[92mINFO [0m:      aggregate_evaluate: received 2 results and 0 failures
[92mINFO [0m:      
[92mINFO [0m:      [SUMMARY]
[92mINFO [0m:      Run finished 10 round(s) in 239.96s
[92mINFO [0m:      	History (loss, distributed):
[92mINFO [0m:     [92mINFO [0m:      
[92mINFO [0m:      Received: reconnect message f2ba64e0-47eb-4a0d-bf0f-346186d12153
[92mINFO [0m:      Disconnect and shut down
Connecting laptop client to laptop FedAvg server at 192.168.50.198:8080
Epoch 1 Loss = 0.0026
laptop client trained locally on 16476 rows.
Epoch 1 Loss = 0.0014
laptop client trained locally on 16476 rows.
Epoch 1 Loss = 0.0013
laptop client trained locally on 16476 rows.
Epoch 1 Loss = 0.0014
laptop client trained locally on 16476 rows.
Epoch 1 Loss = 0.0013
laptop client trained locally on 16476 rows.
Epoch 1 Loss = 0.0013
laptop client trained locally on 16476 rows.
Epoch 1 Loss = 0.0012
laptop client trained locally on 16476 rows.
Epoch 1 Loss = 0.0013
laptop client trained locally on 16476 rows.
Epoch 1 Loss = 0.0013
laptop client trained locally on 16476 rows.
Epoch 1 Loss = 0.0013
laptop client trained locally on 16476 rows.
2 client updates; checkpoint saved for laptop website.
Round 4: FedAvg combined 2 client updates; checkpoint saved for laptop website.
Round 5: FedAvg combined 2 client updates; checkpoint saved for laptop website.
Round 6: FedAvg combined 2 client updates; checkpoint saved for laptop website.
Round 7: FedAvg combined 2 client updates; checkpoint saved for laptop website.
Round 8: FedAvg combined 2 client updates; checkpoint saved for laptop website.
Round 9: FedAvg combined 2 client updates; checkpoint saved for laptop website.
Round 10: FedAvg combined 2 client updates; checkpoint saved for laptop website.
